 2178836352 + 17284258080 x + 63039569850 x^2 + 139959052860 x^3 + 211084339050 x^4 + 228507453624 x^5 + 182881210740 x^6 + 109783773300 x^7 + 49604283030 x^8 + 16763049900 x^9 + 4164183936 x^10 + 736246560 x^11 + 87462135 x^12 + 6242880 x^13 + 201960 x^14
 total: 1026080164257
