 12500 + 41580 x + 67650 x^2 + 66900 x^3 + 42000 x^4 + 16352 x^5 + 3620 x^6 + 360 x^7 + 5 x^8
 total: 250967
