 1999480625 + 20761906560 x + 101508439704 x^2 + 310998309692 x^3 + 670462857750 x^4 + 1082835732852 x^5 + 1362171480554 x^6 + 1370269359588 x^7 + 1123178314650 x^8 + 760755688044 x^9 + 430422504486 x^10 + 205185305460 x^11 + 82997954724 x^12 + 28653801708 x^13 + 8481233568 x^14 + 2158393420 x^15 + 472439241 x^16 + 88652400 x^17 + 14145570 x^18 + 1891332 x^19 + 206946 x^20 + 17848 x^21 + 1140 x^22 + 48 x^23 + 1 x^24
 total: 7563418117911
